<?xml version="1.0" encoding="utf-8"?><testsuites><testsuite name="pytest" errors="0" failures="0" skipped="0" tests="18" time="4.544" timestamp="2022-03-25T09:12:22.636189" hostname="LAPTOP-50875VDK"><testcase classname="test_routes.FlaskTestCase" name="test_about" time="0.314" /><testcase classname="test_routes.FlaskTestCase" name="test_account" time="0.009" /><testcase classname="test_routes.FlaskTestCase" name="test_deleted_post" time="0.008" /><testcase classname="test_routes.FlaskTestCase" name="test_home" time="0.222" /><testcase classname="test_routes.FlaskTestCase" name="test_home_shows_login" time="0.005" /><testcase classname="test_routes.FlaskTestCase" name="test_id_post" time="0.189" /><testcase classname="test_routes.FlaskTestCase" name="test_login" time="0.078" /><testcase classname="test_routes.FlaskTestCase" name="test_login_correctly" time="0.011" /><testcase classname="test_routes.FlaskTestCase" name="test_login_incorrectly" time="0.010" /><testcase classname="test_routes.FlaskTestCase" name="test_logout" time="0.006" /><testcase classname="test_routes.FlaskTestCase" name="test_logout_correctly" time="0.036" /><testcase classname="test_routes.FlaskTestCase" name="test_new_post" time="0.011" /><testcase classname="test_routes.FlaskTestCase" name="test_register" time="0.064" /><testcase classname="test_routes.FlaskTestCase" name="test_reset_password" time="0.035" /><testcase classname="test_routes.FlaskTestCase" name="test_reset_password_token" time="0.008" /><testcase classname="test_routes.FlaskTestCase" name="test_startpage" time="0.025" /><testcase classname="test_routes.FlaskTestCase" name="test_update_post" time="0.010" /><testcase classname="test_routes.FlaskTestCase" name="test_user_page" time="0.063" /></testsuite></testsuites>